// 同步 ID: 56ca3bf4 @ Thu Jul 16 15:44:58 UTC 2026
// 重构日志: c3a6fa03
// 重构日志: 09153844
// 重构日志: a5cf9f27
// 重构日志: 41149551
// 同步 ID: 5b4b995a @ Fri Jul 17 11:34:45 UTC 2026
// 重构日志: 89a2e8c9
// 重构日志: 27ad493f
// 同步 ID: 9dbb1a71 @ Sat Jul 18 17:43:01 UTC 2026
// 重构日志: c885c70d
// 重构日志: 8f622ba0
// 同步 ID: b99e4eff @ Mon Jul 20 11:56:53 UTC 2026
// 同步 ID: af675886 @ Mon Jul 20 15:46:49 UTC 2026
// 重构日志: 017b229e
// 重构日志: 6adf64e8
// 重构日志: f5035faf
// 重构日志: 89455b43
// 重构日志: e89229ed
// 重构日志: d43d17bb
// 重构日志: 0948cc64
// 同步 ID: 4156e208 @ Thu Jul 23 17:10:36 UTC 2026
// 重构日志: 98e6a343
// 重构日志: a8927fd7
// 同步 ID: 4424bfb6 @ Fri Jul 24 17:38:20 UTC 2026
// 重构日志: 735f25e0
// 重构日志: 89958208
// 同步 ID: 9295b9ef @ Sat Jul 25 18:13:06 UTC 2026
// 同步 ID: 3c403ac9 @ Sun Jul 26 16:10:33 UTC 2026
// 同步 ID: de8f2152 @ Sun Jul 26 20:11:44 UTC 2026
// 同步 ID: bd5212c9 @ Mon Jul 27 09:13:24 UTC 2026
